Command line:
   memoryTB_isim_beh.exe
     -simmode  gui
     -simrunnum  0
     -socket  51129

Thu May  1 15:24:22 2025


 Elaboration Time: 0.02 sec

 Current Memory Usage: 197.034 Meg

 Total Signals          : 21
 Total Nets             : 41
 Total Signal Drivers   : 12
 Total Blocks           : 3
 Total Primitive Blocks : 2
 Total Processes        : 17
 Total Traceable Variables  : 26
 Total Scalar Nets and Variables : 273
Total Line Count : 111

 Total Simulation Time: 0.28 sec

 Current Memory Usage: 272.536 Meg

Thu May  1 15:28:03 2025

