Running: /opt/Xilinx/14.7/ISE_DS/ISE/bin/lin64/unwrapped/fuse -intstyle ise -incremental -lib unisims_ver -lib unimacro_ver -lib xilinxcorelib_ver -lib secureip -o /home/ise/SAP-I_architecture_MP/memoryTB_isim_beh.exe -prj /home/ise/SAP-I_architecture_MP/memoryTB_beh.prj work.memoryTB work.glbl 
ISim P.20131013 (signature 0xfbc00daa)
Number of CPUs detected in this system: 4
Turning on mult-threading, number of parallel sub-compilation jobs: 8 
Determining compilation order of HDL files
Analyzing Verilog file "/home/ise/SAP-I_architecture_MP/MemoryWrapperModule.v" into library work
Analyzing Verilog file "/home/ise/SAP-I_architecture_MP/memoryTB.v" into library work
Analyzing Verilog file "/opt/Xilinx/14.7/ISE_DS/ISE//verilog/src/glbl.v" into library work
Starting static elaboration
Completed static elaboration
Fuse Memory Usage: 95496 KB
Fuse CPU Usage: 330 ms
Compiling module MemoryWrapperModule
Compiling module memoryTB
Compiling module glbl
Time Resolution for simulation is 1ps.
Waiting for 1 sub-compilation(s) to finish...
Compiled 3 Verilog Units
Built simulation executable /home/ise/SAP-I_architecture_MP/memoryTB_isim_beh.exe
Fuse Memory Usage: 655688 KB
Fuse CPU Usage: 380 ms
GCC CPU Usage: 130 ms
