--------------------------------------------------------------------------------
Release 14.7 Trace  (lin64)
Copyright (c) 1995-2013 Xilinx, Inc.  All rights reserved.

/opt/Xilinx/14.7/ISE_DS/ISE/bin/lin64/unwrapped/trce -intstyle ise -v 3 -s 3 -n
3 -fastpaths -xml Top_Level_Integration.twx Top_Level_Integration.ncd -o
Top_Level_Integration.twr Top_Level_Integration.pcf -ucf PinLayout.ucf

Design file:              Top_Level_Integration.ncd
Physical constraint file: Top_Level_Integration.pcf
Device,package,speed:     xc6slx9,tqg144,C,-3 (PRODUCTION 1.23 2013-10-13)
Report level:             verbose report

Environment Variable      Effect 
--------------------      ------ 
NONE                      No environment variables were set
--------------------------------------------------------------------------------

INFO:Timing:3412 - To improve timing, see the Timing Closure User Guide (UG612).
INFO:Timing:2752 - To get complete path coverage, use the unconstrained paths 
   option. All paths that are not constrained will be reported in the 
   unconstrained paths section(s) of the report.
INFO:Timing:3339 - The clock-to-out numbers in this timing report are based on 
   a 50 Ohm transmission line loading model.  For the details of this model, 
   and for more information on accounting for different loading conditions, 
   please see the device datasheet.

================================================================================
Timing constraint: NET "clk_32_BUFGP/IBUFG" PERIOD = 31.25 ns HIGH 50%;
For more information, see Period Analysis in the Timing Closure User Guide (UG612).

 136 paths analyzed, 52 endpoints analyzed, 0 failing endpoints
 0 timing errors detected. (0 setup errors, 0 hold errors, 0 component switching limit errors)
 Minimum period is   1.856ns.
--------------------------------------------------------------------------------

Paths for end point clkModule/divider_15 (SLICE_X12Y34.CIN), 12 paths
--------------------------------------------------------------------------------
Slack (setup path):     29.394ns (requirement - (data path - clock path skew + uncertainty))
  Source:               clkModule/divider_0 (FF)
  Destination:          clkModule/divider_15 (FF)
  Requirement:          31.250ns
  Data Path Delay:      1.796ns (Levels of Logic = 4)
  Clock Path Skew:      -0.025ns (0.603 - 0.628)
  Source Clock:         clk_32_BUFGP rising at 0.000ns
  Destination Clock:    clk_32_BUFGP rising at 31.250ns
  Clock Uncertainty:    0.035ns

  Clock Uncertainty:          0.035ns  ((TSJ^2 + TIJ^2)^1/2 + DJ) / 2 + PE
    Total System Jitter (TSJ):  0.070ns
    Total Input Jitter (TIJ):   0.000ns
    Discrete Jitter (DJ):       0.000ns
    Phase Error (PE):           0.000ns

  Maximum Data Path at Slow Process Corner: clkModule/divider_0 to clkModule/divider_15
    Location             Delay type         Delay(ns)  Physical Resource
                                                       Logical Resource(s)
    -------------------------------------------------  -------------------
    SLICE_X12Y31.AQ      Tcko                  0.447   clkModule/divider<3>
                                                       clkModule/divider_0
    SLICE_X12Y31.A5      net (fanout=1)        0.390   clkModule/divider<0>
    SLICE_X12Y31.COUT    Topcya                0.379   clkModule/divider<3>
                                                       clkModule/Mcount_divider_lut<0>_INV_0
                                                       clkModule/Mcount_divider_cy<3>
    SLICE_X12Y32.CIN     net (fanout=1)        0.108   clkModule/Mcount_divider_cy<3>
    SLICE_X12Y32.COUT    Tbyp                  0.076   clkModule/divider<7>
                                                       clkModule/Mcount_divider_cy<7>
    SLICE_X12Y33.CIN     net (fanout=1)        0.003   clkModule/Mcount_divider_cy<7>
    SLICE_X12Y33.COUT    Tbyp                  0.076   clkModule/divider<11>
                                                       clkModule/Mcount_divider_cy<11>
    SLICE_X12Y34.CIN     net (fanout=1)        0.003   clkModule/Mcount_divider_cy<11>
    SLICE_X12Y34.CLK     Tcinck                0.314   clkModule/divider<15>
                                                       clkModule/Mcount_divider_xor<15>
                                                       clkModule/divider_15
    -------------------------------------------------  ---------------------------
    Total                                      1.796ns (1.292ns logic, 0.504ns route)
                                                       (71.9% logic, 28.1% route)

--------------------------------------------------------------------------------
Slack (setup path):     29.539ns (requirement - (data path - clock path skew + uncertainty))
  Source:               clkModule/divider_3 (FF)
  Destination:          clkModule/divider_15 (FF)
  Requirement:          31.250ns
  Data Path Delay:      1.651ns (Levels of Logic = 4)
  Clock Path Skew:      -0.025ns (0.603 - 0.628)
  Source Clock:         clk_32_BUFGP rising at 0.000ns
  Destination Clock:    clk_32_BUFGP rising at 31.250ns
  Clock Uncertainty:    0.035ns

  Clock Uncertainty:          0.035ns  ((TSJ^2 + TIJ^2)^1/2 + DJ) / 2 + PE
    Total System Jitter (TSJ):  0.070ns
    Total Input Jitter (TIJ):   0.000ns
    Discrete Jitter (DJ):       0.000ns
    Phase Error (PE):           0.000ns

  Maximum Data Path at Slow Process Corner: clkModule/divider_3 to clkModule/divider_15
    Location             Delay type         Delay(ns)  Physical Resource
                                                       Logical Resource(s)
    -------------------------------------------------  -------------------
    SLICE_X12Y31.DQ      Tcko                  0.447   clkModule/divider<3>
                                                       clkModule/divider_3
    SLICE_X12Y31.D5      net (fanout=1)        0.363   clkModule/divider<3>
    SLICE_X12Y31.COUT    Topcyd                0.261   clkModule/divider<3>
                                                       clkModule/divider<3>_rt
                                                       clkModule/Mcount_divider_cy<3>
    SLICE_X12Y32.CIN     net (fanout=1)        0.108   clkModule/Mcount_divider_cy<3>
    SLICE_X12Y32.COUT    Tbyp                  0.076   clkModule/divider<7>
                                                       clkModule/Mcount_divider_cy<7>
    SLICE_X12Y33.CIN     net (fanout=1)        0.003   clkModule/Mcount_divider_cy<7>
    SLICE_X12Y33.COUT    Tbyp                  0.076   clkModule/divider<11>
                                                       clkModule/Mcount_divider_cy<11>
    SLICE_X12Y34.CIN     net (fanout=1)        0.003   clkModule/Mcount_divider_cy<11>
    SLICE_X12Y34.CLK     Tcinck                0.314   clkModule/divider<15>
                                                       clkModule/Mcount_divider_xor<15>
                                                       clkModule/divider_15
    -------------------------------------------------  ---------------------------
    Total                                      1.651ns (1.174ns logic, 0.477ns route)
                                                       (71.1% logic, 28.9% route)

--------------------------------------------------------------------------------
Slack (setup path):     29.584ns (requirement - (data path - clock path skew + uncertainty))
  Source:               clkModule/divider_4 (FF)
  Destination:          clkModule/divider_15 (FF)
  Requirement:          31.250ns
  Data Path Delay:      1.620ns (Levels of Logic = 3)
  Clock Path Skew:      -0.011ns (0.153 - 0.164)
  Source Clock:         clk_32_BUFGP rising at 0.000ns
  Destination Clock:    clk_32_BUFGP rising at 31.250ns
  Clock Uncertainty:    0.035ns

  Clock Uncertainty:          0.035ns  ((TSJ^2 + TIJ^2)^1/2 + DJ) / 2 + PE
    Total System Jitter (TSJ):  0.070ns
    Total Input Jitter (TIJ):   0.000ns
    Discrete Jitter (DJ):       0.000ns
    Phase Error (PE):           0.000ns

  Maximum Data Path at Slow Process Corner: clkModule/divider_4 to clkModule/divider_15
    Location             Delay type         Delay(ns)  Physical Resource
                                                       Logical Resource(s)
    -------------------------------------------------  -------------------
    SLICE_X12Y32.AQ      Tcko                  0.447   clkModule/divider<7>
                                                       clkModule/divider_4
    SLICE_X12Y32.A5      net (fanout=3)        0.398   clkModule/divider<4>
    SLICE_X12Y32.COUT    Topcya                0.379   clkModule/divider<7>
                                                       clkModule/divider<4>_rt
                                                       clkModule/Mcount_divider_cy<7>
    SLICE_X12Y33.CIN     net (fanout=1)        0.003   clkModule/Mcount_divider_cy<7>
    SLICE_X12Y33.COUT    Tbyp                  0.076   clkModule/divider<11>
                                                       clkModule/Mcount_divider_cy<11>
    SLICE_X12Y34.CIN     net (fanout=1)        0.003   clkModule/Mcount_divider_cy<11>
    SLICE_X12Y34.CLK     Tcinck                0.314   clkModule/divider<15>
                                                       clkModule/Mcount_divider_xor<15>
                                                       clkModule/divider_15
    -------------------------------------------------  ---------------------------
    Total                                      1.620ns (1.216ns logic, 0.404ns route)
                                                       (75.1% logic, 24.9% route)

--------------------------------------------------------------------------------

Paths for end point clkModule/divider_13 (SLICE_X12Y34.CIN), 12 paths
--------------------------------------------------------------------------------
Slack (setup path):     29.404ns (requirement - (data path - clock path skew + uncertainty))
  Source:               clkModule/divider_0 (FF)
  Destination:          clkModule/divider_13 (FF)
  Requirement:          31.250ns
  Data Path Delay:      1.786ns (Levels of Logic = 4)
  Clock Path Skew:      -0.025ns (0.603 - 0.628)
  Source Clock:         clk_32_BUFGP rising at 0.000ns
  Destination Clock:    clk_32_BUFGP rising at 31.250ns
  Clock Uncertainty:    0.035ns

  Clock Uncertainty:          0.035ns  ((TSJ^2 + TIJ^2)^1/2 + DJ) / 2 + PE
    Total System Jitter (TSJ):  0.070ns
    Total Input Jitter (TIJ):   0.000ns
    Discrete Jitter (DJ):       0.000ns
    Phase Error (PE):           0.000ns

  Maximum Data Path at Slow Process Corner: clkModule/divider_0 to clkModule/divider_13
    Location             Delay type         Delay(ns)  Physical Resource
                                                       Logical Resource(s)
    -------------------------------------------------  -------------------
    SLICE_X12Y31.AQ      Tcko                  0.447   clkModule/divider<3>
                                                       clkModule/divider_0
    SLICE_X12Y31.A5      net (fanout=1)        0.390   clkModule/divider<0>
    SLICE_X12Y31.COUT    Topcya                0.379   clkModule/divider<3>
                                                       clkModule/Mcount_divider_lut<0>_INV_0
                                                       clkModule/Mcount_divider_cy<3>
    SLICE_X12Y32.CIN     net (fanout=1)        0.108   clkModule/Mcount_divider_cy<3>
    SLICE_X12Y32.COUT    Tbyp                  0.076   clkModule/divider<7>
                                                       clkModule/Mcount_divider_cy<7>
    SLICE_X12Y33.CIN     net (fanout=1)        0.003   clkModule/Mcount_divider_cy<7>
    SLICE_X12Y33.COUT    Tbyp                  0.076   clkModule/divider<11>
                                                       clkModule/Mcount_divider_cy<11>
    SLICE_X12Y34.CIN     net (fanout=1)        0.003   clkModule/Mcount_divider_cy<11>
    SLICE_X12Y34.CLK     Tcinck                0.304   clkModule/divider<15>
                                                       clkModule/Mcount_divider_xor<15>
                                                       clkModule/divider_13
    -------------------------------------------------  ---------------------------
    Total                                      1.786ns (1.282ns logic, 0.504ns route)
                                                       (71.8% logic, 28.2% route)

--------------------------------------------------------------------------------
Slack (setup path):     29.549ns (requirement - (data path - clock path skew + uncertainty))
  Source:               clkModule/divider_3 (FF)
  Destination:          clkModule/divider_13 (FF)
  Requirement:          31.250ns
  Data Path Delay:      1.641ns (Levels of Logic = 4)
  Clock Path Skew:      -0.025ns (0.603 - 0.628)
  Source Clock:         clk_32_BUFGP rising at 0.000ns
  Destination Clock:    clk_32_BUFGP rising at 31.250ns
  Clock Uncertainty:    0.035ns

  Clock Uncertainty:          0.035ns  ((TSJ^2 + TIJ^2)^1/2 + DJ) / 2 + PE
    Total System Jitter (TSJ):  0.070ns
    Total Input Jitter (TIJ):   0.000ns
    Discrete Jitter (DJ):       0.000ns
    Phase Error (PE):           0.000ns

  Maximum Data Path at Slow Process Corner: clkModule/divider_3 to clkModule/divider_13
    Location             Delay type         Delay(ns)  Physical Resource
                                                       Logical Resource(s)
    -------------------------------------------------  -------------------
    SLICE_X12Y31.DQ      Tcko                  0.447   clkModule/divider<3>
                                                       clkModule/divider_3
    SLICE_X12Y31.D5      net (fanout=1)        0.363   clkModule/divider<3>
    SLICE_X12Y31.COUT    Topcyd                0.261   clkModule/divider<3>
                                                       clkModule/divider<3>_rt
                                                       clkModule/Mcount_divider_cy<3>
    SLICE_X12Y32.CIN     net (fanout=1)        0.108   clkModule/Mcount_divider_cy<3>
    SLICE_X12Y32.COUT    Tbyp                  0.076   clkModule/divider<7>
                                                       clkModule/Mcount_divider_cy<7>
    SLICE_X12Y33.CIN     net (fanout=1)        0.003   clkModule/Mcount_divider_cy<7>
    SLICE_X12Y33.COUT    Tbyp                  0.076   clkModule/divider<11>
                                                       clkModule/Mcount_divider_cy<11>
    SLICE_X12Y34.CIN     net (fanout=1)        0.003   clkModule/Mcount_divider_cy<11>
    SLICE_X12Y34.CLK     Tcinck                0.304   clkModule/divider<15>
                                                       clkModule/Mcount_divider_xor<15>
                                                       clkModule/divider_13
    -------------------------------------------------  ---------------------------
    Total                                      1.641ns (1.164ns logic, 0.477ns route)
                                                       (70.9% logic, 29.1% route)

--------------------------------------------------------------------------------
Slack (setup path):     29.594ns (requirement - (data path - clock path skew + uncertainty))
  Source:               clkModule/divider_4 (FF)
  Destination:          clkModule/divider_13 (FF)
  Requirement:          31.250ns
  Data Path Delay:      1.610ns (Levels of Logic = 3)
  Clock Path Skew:      -0.011ns (0.153 - 0.164)
  Source Clock:         clk_32_BUFGP rising at 0.000ns
  Destination Clock:    clk_32_BUFGP rising at 31.250ns
  Clock Uncertainty:    0.035ns

  Clock Uncertainty:          0.035ns  ((TSJ^2 + TIJ^2)^1/2 + DJ) / 2 + PE
    Total System Jitter (TSJ):  0.070ns
    Total Input Jitter (TIJ):   0.000ns
    Discrete Jitter (DJ):       0.000ns
    Phase Error (PE):           0.000ns

  Maximum Data Path at Slow Process Corner: clkModule/divider_4 to clkModule/divider_13
    Location             Delay type         Delay(ns)  Physical Resource
                                                       Logical Resource(s)
    -------------------------------------------------  -------------------
    SLICE_X12Y32.AQ      Tcko                  0.447   clkModule/divider<7>
                                                       clkModule/divider_4
    SLICE_X12Y32.A5      net (fanout=3)        0.398   clkModule/divider<4>
    SLICE_X12Y32.COUT    Topcya                0.379   clkModule/divider<7>
                                                       clkModule/divider<4>_rt
                                                       clkModule/Mcount_divider_cy<7>
    SLICE_X12Y33.CIN     net (fanout=1)        0.003   clkModule/Mcount_divider_cy<7>
    SLICE_X12Y33.COUT    Tbyp                  0.076   clkModule/divider<11>
                                                       clkModule/Mcount_divider_cy<11>
    SLICE_X12Y34.CIN     net (fanout=1)        0.003   clkModule/Mcount_divider_cy<11>
    SLICE_X12Y34.CLK     Tcinck                0.304   clkModule/divider<15>
                                                       clkModule/Mcount_divider_xor<15>
                                                       clkModule/divider_13
    -------------------------------------------------  ---------------------------
    Total                                      1.610ns (1.206ns logic, 0.404ns route)
                                                       (74.9% logic, 25.1% route)

--------------------------------------------------------------------------------

Paths for end point clkModule/divider_14 (SLICE_X12Y34.CIN), 12 paths
--------------------------------------------------------------------------------
Slack (setup path):     29.435ns (requirement - (data path - clock path skew + uncertainty))
  Source:               clkModule/divider_0 (FF)
  Destination:          clkModule/divider_14 (FF)
  Requirement:          31.250ns
  Data Path Delay:      1.755ns (Levels of Logic = 4)
  Clock Path Skew:      -0.025ns (0.603 - 0.628)
  Source Clock:         clk_32_BUFGP rising at 0.000ns
  Destination Clock:    clk_32_BUFGP rising at 31.250ns
  Clock Uncertainty:    0.035ns

  Clock Uncertainty:          0.035ns  ((TSJ^2 + TIJ^2)^1/2 + DJ) / 2 + PE
    Total System Jitter (TSJ):  0.070ns
    Total Input Jitter (TIJ):   0.000ns
    Discrete Jitter (DJ):       0.000ns
    Phase Error (PE):           0.000ns

  Maximum Data Path at Slow Process Corner: clkModule/divider_0 to clkModule/divider_14
    Location             Delay type         Delay(ns)  Physical Resource
                                                       Logical Resource(s)
    -------------------------------------------------  -------------------
    SLICE_X12Y31.AQ      Tcko                  0.447   clkModule/divider<3>
                                                       clkModule/divider_0
    SLICE_X12Y31.A5      net (fanout=1)        0.390   clkModule/divider<0>
    SLICE_X12Y31.COUT    Topcya                0.379   clkModule/divider<3>
                                                       clkModule/Mcount_divider_lut<0>_INV_0
                                                       clkModule/Mcount_divider_cy<3>
    SLICE_X12Y32.CIN     net (fanout=1)        0.108   clkModule/Mcount_divider_cy<3>
    SLICE_X12Y32.COUT    Tbyp                  0.076   clkModule/divider<7>
                                                       clkModule/Mcount_divider_cy<7>
    SLICE_X12Y33.CIN     net (fanout=1)        0.003   clkModule/Mcount_divider_cy<7>
    SLICE_X12Y33.COUT    Tbyp                  0.076   clkModule/divider<11>
                                                       clkModule/Mcount_divider_cy<11>
    SLICE_X12Y34.CIN     net (fanout=1)        0.003   clkModule/Mcount_divider_cy<11>
    SLICE_X12Y34.CLK     Tcinck                0.273   clkModule/divider<15>
                                                       clkModule/Mcount_divider_xor<15>
                                                       clkModule/divider_14
    -------------------------------------------------  ---------------------------
    Total                                      1.755ns (1.251ns logic, 0.504ns route)
                                                       (71.3% logic, 28.7% route)

--------------------------------------------------------------------------------
Slack (setup path):     29.580ns (requirement - (data path - clock path skew + uncertainty))
  Source:               clkModule/divider_3 (FF)
  Destination:          clkModule/divider_14 (FF)
  Requirement:          31.250ns
  Data Path Delay:      1.610ns (Levels of Logic = 4)
  Clock Path Skew:      -0.025ns (0.603 - 0.628)
  Source Clock:         clk_32_BUFGP rising at 0.000ns
  Destination Clock:    clk_32_BUFGP rising at 31.250ns
  Clock Uncertainty:    0.035ns

  Clock Uncertainty:          0.035ns  ((TSJ^2 + TIJ^2)^1/2 + DJ) / 2 + PE
    Total System Jitter (TSJ):  0.070ns
    Total Input Jitter (TIJ):   0.000ns
    Discrete Jitter (DJ):       0.000ns
    Phase Error (PE):           0.000ns

  Maximum Data Path at Slow Process Corner: clkModule/divider_3 to clkModule/divider_14
    Location             Delay type         Delay(ns)  Physical Resource
                                                       Logical Resource(s)
    -------------------------------------------------  -------------------
    SLICE_X12Y31.DQ      Tcko                  0.447   clkModule/divider<3>
                                                       clkModule/divider_3
    SLICE_X12Y31.D5      net (fanout=1)        0.363   clkModule/divider<3>
    SLICE_X12Y31.COUT    Topcyd                0.261   clkModule/divider<3>
                                                       clkModule/divider<3>_rt
                                                       clkModule/Mcount_divider_cy<3>
    SLICE_X12Y32.CIN     net (fanout=1)        0.108   clkModule/Mcount_divider_cy<3>
    SLICE_X12Y32.COUT    Tbyp                  0.076   clkModule/divider<7>
                                                       clkModule/Mcount_divider_cy<7>
    SLICE_X12Y33.CIN     net (fanout=1)        0.003   clkModule/Mcount_divider_cy<7>
    SLICE_X12Y33.COUT    Tbyp                  0.076   clkModule/divider<11>
                                                       clkModule/Mcount_divider_cy<11>
    SLICE_X12Y34.CIN     net (fanout=1)        0.003   clkModule/Mcount_divider_cy<11>
    SLICE_X12Y34.CLK     Tcinck                0.273   clkModule/divider<15>
                                                       clkModule/Mcount_divider_xor<15>
                                                       clkModule/divider_14
    -------------------------------------------------  ---------------------------
    Total                                      1.610ns (1.133ns logic, 0.477ns route)
                                                       (70.4% logic, 29.6% route)

--------------------------------------------------------------------------------
Slack (setup path):     29.625ns (requirement - (data path - clock path skew + uncertainty))
  Source:               clkModule/divider_4 (FF)
  Destination:          clkModule/divider_14 (FF)
  Requirement:          31.250ns
  Data Path Delay:      1.579ns (Levels of Logic = 3)
  Clock Path Skew:      -0.011ns (0.153 - 0.164)
  Source Clock:         clk_32_BUFGP rising at 0.000ns
  Destination Clock:    clk_32_BUFGP rising at 31.250ns
  Clock Uncertainty:    0.035ns

  Clock Uncertainty:          0.035ns  ((TSJ^2 + TIJ^2)^1/2 + DJ) / 2 + PE
    Total System Jitter (TSJ):  0.070ns
    Total Input Jitter (TIJ):   0.000ns
    Discrete Jitter (DJ):       0.000ns
    Phase Error (PE):           0.000ns

  Maximum Data Path at Slow Process Corner: clkModule/divider_4 to clkModule/divider_14
    Location             Delay type         Delay(ns)  Physical Resource
                                                       Logical Resource(s)
    -------------------------------------------------  -------------------
    SLICE_X12Y32.AQ      Tcko                  0.447   clkModule/divider<7>
                                                       clkModule/divider_4
    SLICE_X12Y32.A5      net (fanout=3)        0.398   clkModule/divider<4>
    SLICE_X12Y32.COUT    Topcya                0.379   clkModule/divider<7>
                                                       clkModule/divider<4>_rt
                                                       clkModule/Mcount_divider_cy<7>
    SLICE_X12Y33.CIN     net (fanout=1)        0.003   clkModule/Mcount_divider_cy<7>
    SLICE_X12Y33.COUT    Tbyp                  0.076   clkModule/divider<11>
                                                       clkModule/Mcount_divider_cy<11>
    SLICE_X12Y34.CIN     net (fanout=1)        0.003   clkModule/Mcount_divider_cy<11>
    SLICE_X12Y34.CLK     Tcinck                0.273   clkModule/divider<15>
                                                       clkModule/Mcount_divider_xor<15>
                                                       clkModule/divider_14
    -------------------------------------------------  ---------------------------
    Total                                      1.579ns (1.175ns logic, 0.404ns route)
                                                       (74.4% logic, 25.6% route)

--------------------------------------------------------------------------------

Hold Paths: NET "clk_32_BUFGP/IBUFG" PERIOD = 31.25 ns HIGH 50%;
--------------------------------------------------------------------------------

Paths for end point clkModule/divider_1 (SLICE_X12Y31.B5), 1 path
--------------------------------------------------------------------------------
Slack (hold path):      0.529ns (requirement - (clock path skew + uncertainty - data path))
  Source:               clkModule/divider_1 (FF)
  Destination:          clkModule/divider_1 (FF)
  Requirement:          0.000ns
  Data Path Delay:      0.529ns (Levels of Logic = 1)
  Clock Path Skew:      0.000ns
  Source Clock:         clk_32_BUFGP rising at 31.250ns
  Destination Clock:    clk_32_BUFGP rising at 31.250ns
  Clock Uncertainty:    0.000ns

  Minimum Data Path at Fast Process Corner: clkModule/divider_1 to clkModule/divider_1
    Location             Delay type         Delay(ns)  Physical Resource
                                                       Logical Resource(s)
    -------------------------------------------------  -------------------
    SLICE_X12Y31.BQ      Tcko                  0.234   clkModule/divider<3>
                                                       clkModule/divider_1
    SLICE_X12Y31.B5      net (fanout=1)        0.058   clkModule/divider<1>
    SLICE_X12Y31.CLK     Tah         (-Th)    -0.237   clkModule/divider<3>
                                                       clkModule/divider<1>_rt
                                                       clkModule/Mcount_divider_cy<3>
                                                       clkModule/divider_1
    -------------------------------------------------  ---------------------------
    Total                                      0.529ns (0.471ns logic, 0.058ns route)
                                                       (89.0% logic, 11.0% route)

--------------------------------------------------------------------------------

Paths for end point clkModule/divider_5 (SLICE_X12Y32.B5), 1 path
--------------------------------------------------------------------------------
Slack (hold path):      0.529ns (requirement - (clock path skew + uncertainty - data path))
  Source:               clkModule/divider_5 (FF)
  Destination:          clkModule/divider_5 (FF)
  Requirement:          0.000ns
  Data Path Delay:      0.529ns (Levels of Logic = 1)
  Clock Path Skew:      0.000ns
  Source Clock:         clk_32_BUFGP rising at 31.250ns
  Destination Clock:    clk_32_BUFGP rising at 31.250ns
  Clock Uncertainty:    0.000ns

  Minimum Data Path at Fast Process Corner: clkModule/divider_5 to clkModule/divider_5
    Location             Delay type         Delay(ns)  Physical Resource
                                                       Logical Resource(s)
    -------------------------------------------------  -------------------
    SLICE_X12Y32.BQ      Tcko                  0.234   clkModule/divider<7>
                                                       clkModule/divider_5
    SLICE_X12Y32.B5      net (fanout=1)        0.058   clkModule/divider<5>
    SLICE_X12Y32.CLK     Tah         (-Th)    -0.237   clkModule/divider<7>
                                                       clkModule/divider<5>_rt
                                                       clkModule/Mcount_divider_cy<7>
                                                       clkModule/divider_5
    -------------------------------------------------  ---------------------------
    Total                                      0.529ns (0.471ns logic, 0.058ns route)
                                                       (89.0% logic, 11.0% route)

--------------------------------------------------------------------------------

Paths for end point clkModule/divider_9 (SLICE_X12Y33.B5), 1 path
--------------------------------------------------------------------------------
Slack (hold path):      0.529ns (requirement - (clock path skew + uncertainty - data path))
  Source:               clkModule/divider_9 (FF)
  Destination:          clkModule/divider_9 (FF)
  Requirement:          0.000ns
  Data Path Delay:      0.529ns (Levels of Logic = 1)
  Clock Path Skew:      0.000ns
  Source Clock:         clk_32_BUFGP rising at 31.250ns
  Destination Clock:    clk_32_BUFGP rising at 31.250ns
  Clock Uncertainty:    0.000ns

  Minimum Data Path at Fast Process Corner: clkModule/divider_9 to clkModule/divider_9
    Location             Delay type         Delay(ns)  Physical Resource
                                                       Logical Resource(s)
    -------------------------------------------------  -------------------
    SLICE_X12Y33.BQ      Tcko                  0.234   clkModule/divider<11>
                                                       clkModule/divider_9
    SLICE_X12Y33.B5      net (fanout=1)        0.058   clkModule/divider<9>
    SLICE_X12Y33.CLK     Tah         (-Th)    -0.237   clkModule/divider<11>
                                                       clkModule/divider<9>_rt
                                                       clkModule/Mcount_divider_cy<11>
                                                       clkModule/divider_9
    -------------------------------------------------  ---------------------------
    Total                                      0.529ns (0.471ns logic, 0.058ns route)
                                                       (89.0% logic, 11.0% route)

--------------------------------------------------------------------------------

Component Switching Limit Checks: NET "clk_32_BUFGP/IBUFG" PERIOD = 31.25 ns HIGH 50%;
--------------------------------------------------------------------------------
Slack: 29.520ns (period - min period limit)
  Period: 31.250ns
  Min period limit: 1.730ns (578.035MHz) (Tbcper_I)
  Physical resource: clk_32_BUFGP/BUFG/I0
  Logical resource: clk_32_BUFGP/BUFG/I0
  Location pin: BUFGMUX_X2Y2.I0
  Clock network: clk_32_BUFGP/IBUFG
--------------------------------------------------------------------------------
Slack: 30.845ns (period - min period limit)
  Period: 31.250ns
  Min period limit: 0.405ns (2469.136MHz) (Tcp)
  Physical resource: clkModule/divider<3>/CLK
  Logical resource: clkModule/divider_0/CK
  Location pin: SLICE_X12Y31.CLK
  Clock network: clk_32_BUFGP
--------------------------------------------------------------------------------
Slack: 30.845ns (period - min period limit)
  Period: 31.250ns
  Min period limit: 0.405ns (2469.136MHz) (Tcp)
  Physical resource: clkModule/divider<3>/CLK
  Logical resource: clkModule/divider_1/CK
  Location pin: SLICE_X12Y31.CLK
  Clock network: clk_32_BUFGP
--------------------------------------------------------------------------------


All constraints were met.


Data Sheet report:
-----------------
All values displayed in nanoseconds (ns)

Clock to Setup on destination clock clk_32
---------------+---------+---------+---------+---------+
               | Src:Rise| Src:Fall| Src:Rise| Src:Fall|
Source Clock   |Dest:Rise|Dest:Rise|Dest:Fall|Dest:Fall|
---------------+---------+---------+---------+---------+
clk_32         |    1.856|         |         |         |
---------------+---------+---------+---------+---------+


Timing summary:
---------------

Timing errors: 0  Score: 0  (Setup/Max: 0, Hold: 0)

Constraints cover 136 paths, 0 nets, and 24 connections

Design statistics:
   Minimum period:   1.856ns{1}   (Maximum frequency: 538.793MHz)


------------------------------------Footnotes-----------------------------------
1)  The minimum period statistic assumes all single cycle delays.

Analysis completed Sat May  3 19:24:18 2025 
--------------------------------------------------------------------------------

Trace Settings:
-------------------------
Trace Settings 

Peak Memory Usage: 392 MB



